---
source: bolero-generator/src/any/tests.rs
expression: out
---
[
    [
        0,
        1,
        2,
    ],
    [
        0,
        2,
        1,
    ],
    [
        1,
        0,
        2,
    ],
    [
        1,
        2,
        0,
    ],
    [
        2,
        1,
        0,
    ],
    [
        2,
        0,
        1,
    ],
]
